Bad maze file header:
expected in line 4 - Cols = <num>
got: Cols = 10 2