Bad maze in maze file:
Wrong character in maze: - in row 0, col 2
Wrong character in maze: 2 in row 1, col 8
Wrong character in maze: 4 in row 2, col 3
Wrong character in maze: d in row 2, col 7